"04-define-let.cl", line 6:13, Semantic error: Let variable has illegal name self
"04-define-let.cl", line 7:20, Semantic error: Let variable x has undefined type C
Method f resolved type to: Int
Method main resolved type to: Int
Compilation halted
