"05-define-case.cl", line 7:13, Semantic error: Case variable has illegal name self
Compilation halted
