Visiting class A
Visiting class B
Visiting class Main
