Visiting class A
Visiting class B
Visiting class C
Visiting class D
Visiting class Main
