"17-type-method.cl", line 10:23, Semantic error: Type B of the body of the method j is incompatible with declared return type C
Compilation halted
