Visiting class A
Visiting class Z
Visiting class B
Visiting class C
Visiting class Main
