"13-let.cl", line 1:1, Syntax error: mismatched input 'class' expecting <EOF>
Compilation halted
